#
# There is insufficient memory for the Java Runtime Environment to continue.
# Native memory allocation (mmap) failed to map 130023424 bytes for G1 virtual space
# Possible reasons:
#   The system is out of physical RAM or swap space
#   The process is running with CompressedOops enabled, and the Java Heap may be blocking the growth of the native heap
# Possible solutions:
#   Reduce memory load on the system
#   Increase physical memory or swap space
#   Check if swap backing store is full
#   Decrease Java heap size (-Xmx/-Xms)
#   Decrease number of Java threads
#   Decrease Java thread stack sizes (-Xss)
#   Set larger code cache with -XX:ReservedCodeCacheSize=
#   JVM is running with Unscaled Compressed Oops mode in which the Java heap is
#     placed in the first 4GB address space. The Java Heap base address is the
#     maximum limit for the native heap growth. Please use -XX:HeapBaseMinAddress
#     to set the Java Heap base and to place the Java Heap above 4GB virtual address.
# This output file may be truncated or incomplete.
#
#  Out of Memory Error (os_windows.cpp:3469), pid=25796, tid=28612
#
# JRE version:  (17.0.1+12) (build )
# Java VM: Java HotSpot(TM) 64-Bit Server VM (17.0.1+12-LTS-39, mixed mode, sharing, tiered, compressed oops, compressed class ptrs, g1 gc, windows-amd64)
# No core dump will be written. Minidumps are not enabled by default on client versions of Windows
#

---------------  S U M M A R Y ------------

Command Line: -Dnet.bytebuddy.agent.attacher.dump= net.bytebuddy.agent.Attacher com.sun.tools.attach.VirtualMachine 29420 C:\Users\YASWANTH\.m2\repository\net\bytebuddy\byte-buddy-agent\1.14.19\byte-buddy-agent-1.14.19.jar false 

Host: 11th Gen Intel(R) Core(TM) i5-1135G7 @ 2.40GHz, 8 cores, 7G,  Windows 10 , 64 bit Build 26100 (10.0.26100.9168)
Time: Fri Aug 28 00:17:57 2026 India Standard Time elapsed time: 2.207834 seconds (0d 0h 0m 2s)

---------------  T H R E A D  ---------------

Current thread (0x000002b1c42333e0):  JavaThread "Unknown thread" [_thread_in_vm, id=28612, stack(0x000000e4bc600000,0x000000e4bc700000)]

Stack: [0x000000e4bc600000,0x000000e4bc700000]
Native frames: (J=compiled Java code, j=interpreted, Vv=VM code, C=native code)
V  [jvm.dll+0x66fa1a]
V  [jvm.dll+0x7ce5a4]
V  [jvm.dll+0x7cfd4e]
V  [jvm.dll+0x7d03b3]
V  [jvm.dll+0x242b05]
V  [jvm.dll+0x66ca39]
V  [jvm.dll+0x661502]
V  [jvm.dll+0x30081b]
V  [jvm.dll+0x307da6]
V  [jvm.dll+0x357a1e]
V  [jvm.dll+0x357c4f]
V  [jvm.dll+0x2d7ad8]
V  [jvm.dll+0x2d8a44]
V  [jvm.dll+0x7a01e1]
V  [jvm.dll+0x365791]
V  [jvm.dll+0x77f6cc]
V  [jvm.dll+0x3e812f]
V  [jvm.dll+0x3e9bd1]
C  [jli.dll+0x527b]
C  [ucrtbase.dll+0x2cd30]
C  [KERNEL32.DLL+0x2ccb7]
C  [ntdll.dll+0xaad6c]


---------------  P R O C E S S  ---------------

Threads class SMR info:
_java_thread_list=0x00007ff8bdd57818, length=0, elements={
}

Java Threads: ( => current thread )

Other Threads:
  0x000002b1c4272270 GCTaskThread "GC Thread#0" [stack: 0x000000e4bc700000,0x000000e4bc800000] [id=21088]
  0x000002b1c4284650 ConcurrentGCThread "G1 Main Marker" [stack: 0x000000e4bc800000,0x000000e4bc900000] [id=11444]
  0x000002b1c4289720 ConcurrentGCThread "G1 Conc#0" [stack: 0x000000e4bc900000,0x000000e4bca00000] [id=10852]

[error occurred during error reporting (printing all threads), id 0xc0000005, EXCEPTION_ACCESS_VIOLATION (0xc0000005) at pc=0x00007ff8bd5a84b7]

VM state: not at safepoint (not fully initialized)

VM Mutex/Monitor currently owned by a thread:  ([mutex/lock_event])
[0x000002b1c422f900] Heap_lock - owner thread: 0x000002b1c42333e0

Heap address: 0x0000000084200000, size: 1982 MB, Compressed Oops mode: 32-bit

CDS archive(s) mapped at: [0x0000000000000000-0x0000000000000000-0x0000000000000000), size 0, SharedBaseAddress: 0x0000000800000000, ArchiveRelocationMode: 0.
Narrow klass base: 0x0000000000000000, Narrow klass shift: 0, Narrow klass range: 0x0

GC Precious Log:
<Empty>

Heap:
 garbage-first heap   total 0K, used 0K [0x0000000084200000, 0x0000000100000000)
  region size 1024K, 0 young (0K), 0 survivors (0K)

[error occurred during error reporting (printing heap information), id 0xc0000005, EXCEPTION_ACCESS_VIOLATION (0xc0000005) at pc=0x00007ff8bd988d89]

GC Heap History (0 events):
No events

Deoptimization events (0 events):
No events

Classes unloaded (0 events):
No events

Classes redefined (0 events):
No events

Internal exceptions (0 events):
No events

VM Operations (0 events):
No events

Events (1 events):
Event: 0.039 Loaded shared library C:\Program Files\Java\jdk-17.0.1\bin\java.dll


Dynamic libraries:
0x00007ff6eb140000 - 0x00007ff6eb150000 	C:\Program Files\Java\jdk-17.0.1\bin\java.exe
0x00007ff963160000 - 0x00007ff9633c6000 	C:\WINDOWS\SYSTEM32\ntdll.dll
0x00007ff962d60000 - 0x00007ff962e29000 	C:\WINDOWS\System32\KERNEL32.DLL
0x00007ff960500000 - 0x00007ff9608ff000 	C:\WINDOWS\System32\KERNELBASE.dll
0x00007ff960d30000 - 0x00007ff960e7c000 	C:\WINDOWS\System32\ucrtbase.dll
0x00007ff94b970000 - 0x00007ff94b98a000 	C:\Program Files\Java\jdk-17.0.1\bin\VCRUNTIME140.dll
0x00007ff94ce20000 - 0x00007ff94ce38000 	C:\Program Files\Java\jdk-17.0.1\bin\jli.dll
0x00007ff961ef0000 - 0x00007ff961fac000 	C:\WINDOWS\System32\ADVAPI32.dll
0x00007ff961300000 - 0x00007ff9613a9000 	C:\WINDOWS\System32\msvcrt.dll
0x00007ff963070000 - 0x00007ff96311a000 	C:\WINDOWS\System32\sechost.dll
0x00007ff961620000 - 0x00007ff961738000 	C:\WINDOWS\System32\RPCRT4.dll
0x00007ff960f90000 - 0x00007ff961156000 	C:\WINDOWS\System32\USER32.dll
0x00007ff960d00000 - 0x00007ff960d27000 	C:\WINDOWS\System32\win32u.dll
0x00007ff963040000 - 0x00007ff96306b000 	C:\WINDOWS\System32\GDI32.dll
0x00007ff941730000 - 0x00007ff9419c1000 	C:\WINDOWS\WinSxS\amd64_microsoft.windows.common-controls_6595b64144ccf1df_6.0.26100.8972_none_3e0da176e32f9d4b\COMCTL32.dll
0x00007ff960a50000 - 0x00007ff960b79000 	C:\WINDOWS\System32\gdi32full.dll
0x00007ff9609a0000 - 0x00007ff960a43000 	C:\WINDOWS\System32\msvcp_win.dll
0x00007ff957620000 - 0x00007ff95762b000 	C:\WINDOWS\SYSTEM32\VERSION.dll
0x00007ff962f40000 - 0x00007ff962f72000 	C:\WINDOWS\System32\IMM32.DLL
0x00007ff95ce20000 - 0x00007ff95ce2c000 	C:\Program Files\Java\jdk-17.0.1\bin\vcruntime140_1.dll
0x00007ff947f10000 - 0x00007ff947f9d000 	C:\Program Files\Java\jdk-17.0.1\bin\msvcp140.dll
0x00007ff8bd2c0000 - 0x00007ff8bde7e000 	C:\Program Files\Java\jdk-17.0.1\bin\server\jvm.dll
0x00007ff961fc0000 - 0x00007ff961fc8000 	C:\WINDOWS\System32\PSAPI.DLL
0x00007ff957e80000 - 0x00007ff957eb6000 	C:\WINDOWS\SYSTEM32\WINMM.dll
0x00007ff950d10000 - 0x00007ff950d1a000 	C:\WINDOWS\SYSTEM32\WSOCK32.dll
0x00007ff961590000 - 0x00007ff961612000 	C:\WINDOWS\System32\WS2_32.dll
0x00007ff95f060000 - 0x00007ff95f07b000 	C:\WINDOWS\SYSTEM32\kernel.appcore.dll
0x00007ff94ee90000 - 0x00007ff94ee9a000 	C:\Program Files\Java\jdk-17.0.1\bin\jimage.dll
0x00007ff95da10000 - 0x00007ff95dc52000 	C:\WINDOWS\SYSTEM32\DBGHELP.DLL
0x00007ff961b60000 - 0x00007ff961ee5000 	C:\WINDOWS\System32\combase.dll
0x00007ff961910000 - 0x00007ff9619e9000 	C:\WINDOWS\System32\OLEAUT32.dll
0x00007ff940f90000 - 0x00007ff940fcb000 	C:\WINDOWS\SYSTEM32\dbgcore.DLL
0x00007ff960b80000 - 0x00007ff960c2c000 	C:\WINDOWS\System32\bcryptPrimitives.dll
0x00007ff9486b0000 - 0x00007ff9486d5000 	C:\Program Files\Java\jdk-17.0.1\bin\java.dll

dbghelp: loaded successfully - version: 4.0.5 - missing functions: none
symbol engine: initialized successfully - sym options: 0x614 - pdb path: .;C:\Program Files\Java\jdk-17.0.1\bin;C:\WINDOWS\SYSTEM32;C:\WINDOWS\WinSxS\amd64_microsoft.windows.common-controls_6595b64144ccf1df_6.0.26100.8972_none_3e0da176e32f9d4b;C:\Program Files\Java\jdk-17.0.1\bin\server

VM Arguments:
jvm_args: -Dnet.bytebuddy.agent.attacher.dump= 
java_command: net.bytebuddy.agent.Attacher com.sun.tools.attach.VirtualMachine 29420 C:\Users\YASWANTH\.m2\repository\net\bytebuddy\byte-buddy-agent\1.14.19\byte-buddy-agent-1.14.19.jar false 
java_class_path (initial): C:\Users\YASWANTH\.m2\repository\net\bytebuddy\byte-buddy-agent\1.14.19\byte-buddy-agent-1.14.19.jar
Launcher Type: SUN_STANDARD

[Global flags]
     intx CICompilerCount                          = 4                                         {product} {ergonomic}
     uint ConcGCThreads                            = 2                                         {product} {ergonomic}
     uint G1ConcRefinementThreads                  = 8                                         {product} {ergonomic}
   size_t G1HeapRegionSize                         = 1048576                                   {product} {ergonomic}
    uintx GCDrainStackTargetSize                   = 64                                        {product} {ergonomic}
   size_t InitialHeapSize                          = 130023424                                 {product} {ergonomic}
   size_t MarkStackSize                            = 4194304                                   {product} {ergonomic}
   size_t MaxHeapSize                              = 2078277632                                {product} {ergonomic}
   size_t MinHeapDeltaBytes                        = 1048576                                   {product} {ergonomic}
   size_t MinHeapSize                              = 8388608                                   {product} {ergonomic}
    uintx NonNMethodCodeHeapSize                   = 5839372                                {pd product} {ergonomic}
    uintx NonProfiledCodeHeapSize                  = 122909434                              {pd product} {ergonomic}
    uintx ProfiledCodeHeapSize                     = 122909434                              {pd product} {ergonomic}
    uintx ReservedCodeCacheSize                    = 251658240                              {pd product} {ergonomic}
     bool SegmentedCodeCache                       = true                                      {product} {ergonomic}
   size_t SoftMaxHeapSize                          = 2078277632                             {manageable} {ergonomic}
     bool UseCompressedClassPointers               = true                           {product lp64_product} {ergonomic}
     bool UseCompressedOops                        = true                           {product lp64_product} {ergonomic}
     bool UseG1GC                                  = true                                      {product} {ergonomic}
     bool UseLargePagesIndividualAllocation        = false                                  {pd product} {ergonomic}

Logging:
Log output configuration:
 #0: stdout all=warning uptime,level,tags
 #1: stderr all=off uptime,level,tags

Environment Variables:
JAVA_HOME=C:/Program Files/Java/jdk-17.0.1
PATH=C:\Users\YASWANTH\bin;C:\Program Files\Git\mingw64\bin;C:\Program Files\Git\usr\local\bin;C:\Program Files\Git\usr\bin;C:\Program Files\Git\usr\bin;C:\Program Files\Git\mingw64\bin;C:\Program Files\Git\usr\bin;C:\Users\YASWANTH\bin;C:\Program Files\Microsoft SDKs\Azure\CLI2\wbin;C:\Python313\Scripts;C:\Python313;C:\Python312\Scripts;C:\Python312;D:\Scripts;D:\;C:\Program Files\Common Files\Oracle\Java\javapath;C:\WINDOWS\system32;C:\WINDOWS;C:\WINDOWS\System32\Wbem;C:\WINDOWS\System32\WindowsPowerShell\v1.0;C:\WINDOWS\System32\OpenSSH;C:\Program Files\Java\jdk-17.0.1\bin;C:\Program Files\dotnet;C:\Program Files\PuTTY;C:\Program Files\Microsoft SQL Server\Client SDK\ODBC\170\Tools\Binn;C:\ProgramData\chocolatey\bin;C:\Program Files (x86)\Microsoft SQL Server\160\Tools\Binn;C:\Program Files\Microsoft SQL Server\160\Tools\Binn;C:\Program Files\Microsoft SQL Server\160\DTS\Binn;C:\Program Files\Git\cmd;C:\Program Files\nodejs;C:\Users\YASWANTH\AppData\Roaming\Python\Python313\Scripts;C:\Users\YASWANTH\AppData\Local\Programs\Python\Python313\Scripts;C:\Program Files\MySQL\MySQL Server 8.0\bin;C:\Users\YASWANTH\Downloads\terraform.exe;C:\Users\YASWANTH\AppData\Local\Programs\Python\Python312\Scripts;C:\Users\YASWANTH\AppData\Local\Programs\Python\Python312;C:\Program Files\MySQL\MySQL Shell 8.0\bin;C:\Users\YASWANTH\AppData\Local\Microsoft\WindowsApps;C:\Users\YASWANTH\Downloads\mongosh-2.1.3-win32-x64\bin;C:\Users\YASWANTH\.dotnet\tools;C:\Users\YASWANTH\AppData\Local\GitHubDesktop\bin;C:\Users\YASWANTH\AppData\Roaming\npm;C:\Users\YASWANTH\AppData\Local\Programs\Microsoft VS Code\bin;C:\Users\YASWANTH\AppData\Local\Programs\Antigravity\bin;C:\Users\YASWANTH\AppData\Local\Microsoft\WinGet\Packages\Helm.Helm_Microsoft.Winget.Source_8wekyb3d8bbwe\windows-amd64;C:\Users\YASWANTH\AppData\Local\Programs\Antigravity IDE\bin;C:\Users\YASWANTH\.azure-kubectl;C:\Users\YASWANTH\.azure-kubelogin;C:\Users\YASWANTH\AppData\Local\Programs\DockerDesktop\resources\bin;C:\Users\YASWANT
USERNAME=YASWANTH
SHELL=C:\Program Files\Git\usr\bin\bash.exe
LANG=C.UTF-8
LC_CTYPE=C.UTF-8
OS=Windows_NT
PROCESSOR_IDENTIFIER=Intel64 Family 6 Model 140 Stepping 1, GenuineIntel



---------------  S Y S T E M  ---------------

OS:
 Windows 10 , 64 bit Build 26100 (10.0.26100.9168)
OS uptime: 4 days 2:56 hours
Hyper-V role detected

CPU: total 8 (initial active 8) (4 cores per cpu, 2 threads per core) family 6 model 140 stepping 1 microcode 0xbe, cx8, cmov, fxsr, ht, mmx, 3dnowpref, sse, sse2, sse3, ssse3, sse4.1, sse4.2, popcnt, lzcnt, tsc, tscinvbit, avx, avx2, aes, erms, clmul, bmi1, bmi2, adx, avx512f, avx512dq, avx512cd, avx512bw, avx512vl, sha, fma, vzeroupper, avx512_vpopcntdq, avx512_vpclmulqdq, avx512_vaes, avx512_vnni, clflush, clflushopt, clwb, avx512_vbmi2, avx512_vbmi, hv

Memory: 4k page, system-wide physical 7926M (186M free)
TotalPageFile size 32502M (AvailPageFile size 16M)
current process WorkingSet (physical memory assigned to process): 12M, peak: 12M
current process commit charge ("private bytes"): 60M, peak: 184M

vm_info: Java HotSpot(TM) 64-Bit Server VM (17.0.1+12-LTS-39) for windows-amd64 JRE (17.0.1+12-LTS-39), built on Sep 27 2021 18:41:35 by "mach5one" with MS VC++ 16.8 (VS2019)

END.
